---
source: tui/tests/vt100_chatwidget_snapshot.rs
expression: output
---
 +----------------------------------------------------------------------------+
 |        Every Code  •  模型：GPT-5.2-Codex  •  推理：中  •  目录：tui       |
 +----------------------------------------------------------------------------+

   - 写代码
   - 读取文件
   - 运行命令


 ✶ 📁 /workspace  1 change
   🖼 Example Domain  1280×720  2025-11-05T12:00:00Z  browser_type=chromium,
   cursor_position=120,340

 +----------------------------------------------------------------------------+
 | 深夜我能为你写点什么？                                                     |
 +----------------------------------------------------------------------------+
 Read Only  (Shift+Tab change) Ctrl+S 设置   Ctrl+G 帮助  •  Tab 模式: 开发  •
