---
source: tui/tests/vt100_chatwidget_snapshot.rs
expression: frame
---
 +----------------------------------------------------------------------------+
 |        Every Code  •  模型：GPT-5.2-Codex  •  推理：中  •  目录：tui       |
 +----------------------------------------------------------------------------+

 • 我可以帮你处理多种任务，包括：

   - 写代码
   - 读取文件
   - 运行命令



  自动运行 > Auto Drive prepared to run justfile target           ✶ 运行中 (Xs)
 +----------------------------------------------------------------------------+
 | 深夜我能为你写点什么？                                                     |
 +----------------------------------------------------------------------------+
  • Agents Enabled  • Diagnostics Enabled                              API key
