---
source: tui/tests/vt100_chatwidget_snapshot.rs
expression: frame
---
 +----------------------------------------------------------------------------+
 |                                 Every Code                                 |
 +----------------------------------------------------------------------------+

 • I can help with various tasks including:

   - Writing code
   - Reading files
   - Running commands



  Auto Drive > Auto Drive prepared to run justfile target  ✶ Running (Xs)
 +----------------------------------------------------------------------------+
 | What can I code for you today?                                             |
 +----------------------------------------------------------------------------+
  • Agents Enabled  • Diagnostics Enabled                              API key
