---
source: tui/tests/vt100_chatwidget_snapshot.rs
expression: output
---
 +----------------------------------------------------------------------------+
 |        Every Code  •  模型：GPT-5.2-Codex  •  推理：中  •  目录：tui       |
 +----------------------------------------------------------------------------+
 • 你好！今天我能帮你做些什么？



 • 我可以帮你处理多种任务，包括：

   - 写代码
   - 读取文件
   - 运行命令


 › Handle captcha gracefully

   +- Browser (headless): example.com
   |
   |   Actions
   |    MM:SS  Opened   https://example.com
   |    MM:SS  Typed    pizza
   |    MM:SS  Pressed  Enter
   |
   |   Console: Encountering captcha block
   |
   +- [Ctrl+B] View · [Esc] Stop

 +----------------------------- ✶ 浏览中... -----------------------------+
 | 深夜我能为你写点什么？                                                     |
 +----------------------------------------------------------------------------+
 Read Only  (Shift+Tab change) Ctrl+S 设置   Ctrl+G 帮助  •  Tab 模式: 开发  •
