---
source: tui/tests/vt100_chatwidget_snapshot.rs
expression: section_open
---
 +------------------------------------------------------------------------------------------------+
 |                  Every Code  •  模型：GPT-5.2-Codex  •  推理：中  •  目录：tui                 |
 +------------------------------------------------------------------------------------------------+
 +设置 ▸ 模型-------------------------------------------------------------------------------------+
 |                                                                                                |
 | ›  模型               + 选择模型与推理 ------------------------------------------------------+ |
 |    主题               |                                                                      | |
 |    更新               |  当前模型:+-----------------------+                                  | |
 |    账户               |  推理强度:|模型 快捷键            |                                  | |
 |    代理               |           |                       |                                  | |
 |    提示词             |  GPT-5.2  |• Esc/←  返回概览      |                                  | |
 |    技能               |  最新的旗舰• Tab    切换设置分区  |能力上全面提升。                  | |
 |    自动运行           |     极高 -|• Shift+Tab  反向切换  |度                                | |
 |    评审               |     高 - 为• ?      切换此帮助    |推理深度                          | |
 |    规划               |     中 - 在                       |健平衡，适用于通用任务            | |
 |    校验               |     低 - 兼按 Esc 关闭            |接问题与简短解释                  | |
 |    浏览器             |           +-----------------------+                                  | |
 |    MCP                |                                                                      | |
 |  ↓ 通知               +----------------------------------------------------------------------+ |
 | ↑ ↓ 移动    Enter 打开    Esc 关闭    ? 帮助                                                   |
 |                                                                                                |
 +------------------------------------------------------------------------------------------------+

 +------------------------------------------------------------------------------------------------+
 | 深夜我能为你写点什么？                                                                         |
 +------------------------------------------------------------------------------------------------+
 Read Only  (Shift+Tab change)                    Ctrl+S 设置   Ctrl+G 帮助  •  Tab 模式: 开发  •
