---
source: tui/tests/vt100_chatwidget_snapshot.rs
expression: output
---
 +----------------------------------------------------------------------------+
 |                                 Every Code                                 |
 +----------------------------------------------------------------------------+
 • I can help with various tasks including:

   - Writing code
   - Reading files
   - Running commands


 › /agents

 ✖ ⚠️  status_update: missing agent batch_id. tool=agent_status
   agents=orphan-agent

 +----------------------------- ✶ Using tools... -----------------------------+
 | What can I code for you today?                                             |
 +----------------------------------------------------------------------------+
 Read Only  (Shift+Tab change)                        Ctrl+G guide  •  API key
