---
source: tui/tests/vt100_chatwidget_snapshot.rs
expression: output
---
 +----------------------------------------------------------------------------+
 |                                 Every Code                                 |
 +----------------------------------------------------------------------------+
   - Running commands


 › Keep browsing while checking status

 » Command guard: Leading cd /tmp/work is redundant

   +- Browser (headless): example.com
   |
   |   Actions
   |    MM:SS  Opened  https://example.com
   |
   |   Console: Encountering captcha challenge on checkout
   |
   +- [Ctrl+B] View · [Esc] Stop

 +----------------------------- ✶ Browsing... -----------------------------+
 | What can I code for you today?                                             |
 +----------------------------------------------------------------------------+
 Read Only  (Shift+Tab change)                        Ctrl+G guide  •  API key
