---
source: tui/tests/vt100_chatwidget_snapshot.rs
expression: output
---
 +----------------------------------------------------------------------------+
 |        Every Code  •  模型：GPT-5.2-Codex  •  推理：中  •  目录：tui       |
 +----------------------------------------------------------------------------+
 › Can you gather details from the latest docs update?

   +- 网页搜索 · 已完成
   |
   |  Actions
   |   MM:SS  • 正在搜索...
   |   MM:SS  • Query: "ratatui widget patterns"
   |   MM:SS  ✓ Results ready
   |
   +- [Ctrl+S] 设置 · [Esc] 停止

   +- Browser (headless): Browser Session
   |
   |   Actions
   |    MM:SS  Clicked  #login-button
   |
   +- [Ctrl+B] View · [Esc] Stop

   +- deploy-helper
   |
   |  Run targeted regression suite
   |
   |  代理
   |    暂无代理更新
   |
   |  Actions
   |   MM:SS  已启动代理运行：qa-bot
   |   MM:SS  正在等待代理
   |
   +- [Ctrl+A] Expand


 +----------------------------- ✶ 代理协作... -----------------------------+
 | 深夜我能为你写点什么？                                                     |
 +----------------------------------------------------------------------------+
 Read Only  (Shift+Tab change) Ctrl+S 设置   Ctrl+G 帮助  •  Tab 模式: 开发  •
