---
source: tui/tests/vt100_chatwidget_snapshot.rs
expression: output
---
 +----------------------------------------------------------------------------+
 |                                 Every Code                                 |
 +----------------------------------------------------------------------------+


 » Missing stream id for assistant answer delta

 +----------------------------------------------------------------------------+
 | What can I code for you today?                                             |
 +----------------------------------------------------------------------------+
 Read Only  (Shift+Tab change)                        Ctrl+G guide  •  API key
