---
source: tui/tests/vt100_chatwidget_snapshot.rs
expression: output
---
 +----------------------------------------------------------------------------+
 |                                 Every Code                                 |
 +----------------------------------------------------------------------------+
 • I can help with various tasks including:

   - Writing code
   - Reading files
   - Running commands


 ✶ 📁 /workspace  2 changes
    main

 +----------------------------------------------------------------------------+
 | What can I code for you today?                                             |
 +----------------------------------------------------------------------------+
 Read Only  (Shift+Tab change)                        Ctrl+G guide  •  API key
