---
source: tui/tests/vt100_chatwidget_snapshot.rs
expression: output
---
 +--------------------------------------------------------+
 | Every Code  •  模型：GPT-5.2-Codex  •  推理：中  •  目 |
 +--------------------------------------------------------+
 +设置 ▸ 概览---------------------------------------------+
 |                                                        |
 | › 模型                 模型: GPT-5.2-Codex (中)        |
 |   + 选择新对话使用的语言模型。                         |
 |                                                        |
 |   主题                 主题: 浅色 - Photon（16 色） ·. |
 |   + 切换预设配色并调整对比度。                         |
 |                                                        |
 | ↑ ↓ 移动    Enter 打开    Esc 关闭    ? 帮助           |
 |                                                        |
 +--------------------------------------------------------+

 +--------------------------------------------------------+
 | 深夜我能为你写点什么？                                 |
 +--------------------------------------------------------+
                      Ctrl+S 设置   Ctrl+G 帮助  •  Tab 模
