---
source: tui/tests/vt100_chatwidget_snapshot.rs
expression: "frames.join(\"\\n---FRAME---\\n\")"
---
 +----------------------------------------------------------------------------+
 |                                 Every Code                                 |
 +----------------------------------------------------------------------------+

 • I can help with various tasks including:

   - Writing code
   - Reading files
   - Running commands



  Auto Drive > Auto Drive ready to run cargo nextest  ✶ Running (Xs)
 +----------------------------------------------------------------------------+
 | What can I code for you today?                                             |
 +----------------------------------------------------------------------------+
  • Agents Enabled  • Diagnostics Enabled                              API key

---FRAME---
 +----------------------------------------------------------------------------+
 |                                 Every Code                                 |
 +----------------------------------------------------------------------------+

 • I can help with various tasks including:

   - Writing code
   - Reading files
   - Running commands



  Auto Drive > Auto Drive ready to run cargo nextest  ✶ Running (Xs)
 +----------------------------------------------------------------------------+
 | What can I code for you today?                                             |
 +----------------------------------------------------------------------------+
  • Agents Enabled  • Diagnostics Enabled                              API key

---FRAME---
 +----------------------------------------------------------------------------+
 |                                 Every Code                                 |
 +----------------------------------------------------------------------------+

 • I can help with various tasks including:

   - Writing code
   - Reading files
   - Running commands



  Auto Drive > Auto Drive ready to run cargo nextest  ✶ Running (Xs)
 +----------------------------------------------------------------------------+
 | What can I code for you today?                                             |
 +----------------------------------------------------------------------------+
  • Agents Enabled  • Diagnostics Enabled                              API key
