---
source: tui/tests/vt100_chatwidget_snapshot.rs
expression: output
---
 +----------------------------------------------------------------------------+
 |        Every Code  •  模型：GPT-5.2-Codex  •  推理：中  •  目录：tui       |
 +----------------------------------------------------------------------------+
 • 我可以帮你处理多种任务，包括：

   - 写代码
   - 读取文件
   - 运行命令


 › /agents

 ✖ ⚠️  status_update: missing agent batch_id. tool=agent_status
   agents=orphan-agent

 +----------------------------- ✶ 使用工具... -----------------------------+
 | 深夜我能为你写点什么？                                                     |
 +----------------------------------------------------------------------------+
 Read Only  (Shift+Tab change) Ctrl+S 设置   Ctrl+G 帮助  •  Tab 模式: 开发  •
